<?xml version="1.0" encoding="UTF-8"?>
<TestRun id="d94aa4c4-69db-4409-8764-ffff78c68e10" name="Kirill@DESKTOP-M7NBAK0 2019-12-04T21:15:10.581Z" runUser="Kirill" xmlns="http://microsoft.com/schemas/VisualStudio/TeamTest/2010">
  <TestSettings name="Jest test run" id="851551a9-1e58-40f2-b201-c65d65f0d980"/>
  <Times creation="2019-12-04T21:15:10.581Z" queuing="2019-12-04T21:15:10.581Z" start="2019-12-04T21:15:10.581Z" finish="2019-12-04T21:15:10.581Z"/>
  <ResultSummary outcome="Passed">
    <Counters total="17" executed="17" passed="17" failed="0" error="0"/>
  </ResultSummary>
  <TestDefinitions>
    <UnitTest name="[STORE] [REDUCER] / check jest" id="7f46d8a4-a96c-4e94-9ee7-fb01d8dd476b">
      <Execution id="c3c01e8f-06ca-4159-a9ae-e0b0564e8c12"/>
      <TestMethod codeBase="Jest_[STORE] [REDUCER] / check jest" name="[STORE] [REDUCER] / check jest" className="[STORE] [REDUCER]"/>
    </UnitTest>
    <UnitTest name="[SOTRE] [FILTER] [ACTIONS] / should return action with SET_FILTER type any payload" id="e8acada4-c82c-4389-8ab8-77872bcf0a39">
      <Execution id="fc2ec65e-38a1-4843-97fe-c946f8eb587b"/>
      <TestMethod codeBase="Jest_[SOTRE] [FILTER] [ACTIONS] / should return action with SET_FILTER type any payload" name="[SOTRE] [FILTER] [ACTIONS] / should return action with SET_FILTER type any payload" className="[SOTRE] [FILTER] [ACTIONS]"/>
    </UnitTest>
    <UnitTest name="[SOTRE] [FILTER] [REDUCER] / should return initial state for unknown action" id="31f4d97c-86d5-4d7e-983a-0f1c02e070fd">
      <Execution id="02990858-8a12-4160-b3ea-8e40ce86017e"/>
      <TestMethod codeBase="Jest_[SOTRE] [FILTER] [REDUCER] / should return initial state for unknown action" name="[SOTRE] [FILTER] [REDUCER] / should return initial state for unknown action" className="[SOTRE] [FILTER] [REDUCER]"/>
    </UnitTest>
    <UnitTest name="[SOTRE] [FILTER] [REDUCER] / should apply SET_FILTER action to state" id="d82d2756-e1a3-44b7-a13a-03b7e95917c4">
      <Execution id="3a48bd16-46a5-4498-b9bd-b1b7c154b69e"/>
      <TestMethod codeBase="Jest_[SOTRE] [FILTER] [REDUCER] / should apply SET_FILTER action to state" name="[SOTRE] [FILTER] [REDUCER] / should apply SET_FILTER action to state" className="[SOTRE] [FILTER] [REDUCER]"/>
    </UnitTest>
    <UnitTest name="[STORE] [MOVIES] [ACTIONS] / should return action with FETCH_MOVIES type any payload" id="e2164d5b-3421-4143-a9e2-18c992f94c77">
      <Execution id="3e44a212-947a-4f7e-b3f8-f18ace961c45"/>
      <TestMethod codeBase="Jest_[STORE] [MOVIES] [ACTIONS] / should return action with FETCH_MOVIES type any payload" name="[STORE] [MOVIES] [ACTIONS] / should return action with FETCH_MOVIES type any payload" className="[STORE] [MOVIES] [ACTIONS]"/>
    </UnitTest>
    <UnitTest name="[STORE] [MOVIES] [ACTIONS] / should return action with FETCH_MOVIES_ERROR type any payload" id="c4601e92-e1a4-4406-856b-84bcfc51ba41">
      <Execution id="487a36d4-5603-4107-a9bd-8fcab535727c"/>
      <TestMethod codeBase="Jest_[STORE] [MOVIES] [ACTIONS] / should return action with FETCH_MOVIES_ERROR type any payload" name="[STORE] [MOVIES] [ACTIONS] / should return action with FETCH_MOVIES_ERROR type any payload" className="[STORE] [MOVIES] [ACTIONS]"/>
    </UnitTest>
    <UnitTest name="[STORE] [MOVIES] [ACTIONS] / should return action with RECEIVE_MOVIES_ADD type any payload" id="9881c224-700e-4cfe-9610-0895adcacc28">
      <Execution id="ac6b808e-35d2-4108-856f-4952657f0141"/>
      <TestMethod codeBase="Jest_[STORE] [MOVIES] [ACTIONS] / should return action with RECEIVE_MOVIES_ADD type any payload" name="[STORE] [MOVIES] [ACTIONS] / should return action with RECEIVE_MOVIES_ADD type any payload" className="[STORE] [MOVIES] [ACTIONS]"/>
    </UnitTest>
    <UnitTest name="[STORE] [MOVIES] [ACTIONS] / should return action with RECEIVE_MOVIES_UPDATE type any payload" id="3811e839-dbd4-42e7-8cbb-575452cbb62c">
      <Execution id="d6e7299d-c3b8-4a11-9152-bbf9efb38cb6"/>
      <TestMethod codeBase="Jest_[STORE] [MOVIES] [ACTIONS] / should return action with RECEIVE_MOVIES_UPDATE type any payload" name="[STORE] [MOVIES] [ACTIONS] / should return action with RECEIVE_MOVIES_UPDATE type any payload" className="[STORE] [MOVIES] [ACTIONS]"/>
    </UnitTest>
    <UnitTest name="[STORE] [MOVIES] [THUNK_ACTIONS] / thunk searchMovie error" id="61bd18fb-414e-4ebe-8611-1d99872c2dd4">
      <Execution id="db07637c-44ed-43b3-b46c-bf70d42fc80e"/>
      <TestMethod codeBase="Jest_[STORE] [MOVIES] [THUNK_ACTIONS] / thunk searchMovie error" name="[STORE] [MOVIES] [THUNK_ACTIONS] / thunk searchMovie error" className="[STORE] [MOVIES] [THUNK_ACTIONS]"/>
    </UnitTest>
    <UnitTest name="[STORE] [MOVIES] [THUNK_ACTIONS] / thunk searchMovies success" id="49b5bcbd-1175-48c4-a5a9-b74a696ac2a8">
      <Execution id="e87b4dfb-f5b9-438d-a257-ea65a35e1133"/>
      <TestMethod codeBase="Jest_[STORE] [MOVIES] [THUNK_ACTIONS] / thunk searchMovies success" name="[STORE] [MOVIES] [THUNK_ACTIONS] / thunk searchMovies success" className="[STORE] [MOVIES] [THUNK_ACTIONS]"/>
    </UnitTest>
    <UnitTest name="[STORE] [MOVIES] [THUNK_ACTIONS] / thunk moreMovies error" id="071a75f2-d8af-43a2-86eb-05806d69cecb">
      <Execution id="3fbd7430-e360-4eee-8c96-6b59b87a52f2"/>
      <TestMethod codeBase="Jest_[STORE] [MOVIES] [THUNK_ACTIONS] / thunk moreMovies error" name="[STORE] [MOVIES] [THUNK_ACTIONS] / thunk moreMovies error" className="[STORE] [MOVIES] [THUNK_ACTIONS]"/>
    </UnitTest>
    <UnitTest name="[STORE] [MOVIES] [THUNK_ACTIONS] / thunk moreMovies success" id="f18920ad-b415-447d-9776-f3dcb926cb92">
      <Execution id="e75f8187-b8bb-429a-8660-6088a4035ac4"/>
      <TestMethod codeBase="Jest_[STORE] [MOVIES] [THUNK_ACTIONS] / thunk moreMovies success" name="[STORE] [MOVIES] [THUNK_ACTIONS] / thunk moreMovies success" className="[STORE] [MOVIES] [THUNK_ACTIONS]"/>
    </UnitTest>
    <UnitTest name="[SOTRE] [FILTER] [REDUCER] / should return initial state for unknown action" id="f9cc1938-55de-43c1-92e4-9d6a141ee7e7">
      <Execution id="676aeb0d-81ef-4bc6-b787-008718bb5c4d"/>
      <TestMethod codeBase="Jest_[SOTRE] [FILTER] [REDUCER] / should return initial state for unknown action" name="[SOTRE] [FILTER] [REDUCER] / should return initial state for unknown action" className="[SOTRE] [FILTER] [REDUCER]"/>
    </UnitTest>
    <UnitTest name="[SOTRE] [FILTER] [REDUCER] / should apply FETCH_MOVIES action to state" id="6e40eda4-9d7e-4757-8e86-2bfb25dabd1b">
      <Execution id="9b0bce9d-8539-451b-81bd-fd140864af1f"/>
      <TestMethod codeBase="Jest_[SOTRE] [FILTER] [REDUCER] / should apply FETCH_MOVIES action to state" name="[SOTRE] [FILTER] [REDUCER] / should apply FETCH_MOVIES action to state" className="[SOTRE] [FILTER] [REDUCER]"/>
    </UnitTest>
    <UnitTest name="[SOTRE] [FILTER] [REDUCER] / should apply FETCH_MOVIES_ERROR action to state" id="614b310d-4e28-48d6-a479-95274e3f726f">
      <Execution id="309590ea-7c7d-4c9a-be74-9adae4568a61"/>
      <TestMethod codeBase="Jest_[SOTRE] [FILTER] [REDUCER] / should apply FETCH_MOVIES_ERROR action to state" name="[SOTRE] [FILTER] [REDUCER] / should apply FETCH_MOVIES_ERROR action to state" className="[SOTRE] [FILTER] [REDUCER]"/>
    </UnitTest>
    <UnitTest name="[SOTRE] [FILTER] [REDUCER] / should apply RECEIVE_MOVIES_ADD action to state" id="358081a6-2b93-459f-9aea-0e1a7a845d44">
      <Execution id="536a8648-c676-4170-be90-f63e584408c4"/>
      <TestMethod codeBase="Jest_[SOTRE] [FILTER] [REDUCER] / should apply RECEIVE_MOVIES_ADD action to state" name="[SOTRE] [FILTER] [REDUCER] / should apply RECEIVE_MOVIES_ADD action to state" className="[SOTRE] [FILTER] [REDUCER]"/>
    </UnitTest>
    <UnitTest name="[SOTRE] [FILTER] [REDUCER] / should apply RECEIVE_MOVIES_UPDATE action to state" id="2a711387-7ceb-4ae7-80b6-ec3647425b8b">
      <Execution id="1e78e00c-0f17-4843-b09b-4a89bfd7b2c4"/>
      <TestMethod codeBase="Jest_[SOTRE] [FILTER] [REDUCER] / should apply RECEIVE_MOVIES_UPDATE action to state" name="[SOTRE] [FILTER] [REDUCER] / should apply RECEIVE_MOVIES_UPDATE action to state" className="[SOTRE] [FILTER] [REDUCER]"/>
    </UnitTest>
  </TestDefinitions>
  <TestLists>
    <TestList name="Results Not in a List" id="8c84fa94-04c1-424b-9868-57a2d4851a1d"/>
    <TestList name="All Loaded Results" id="19431567-8539-422a-85d7-44ee4e166bda"/>
  </TestLists>
  <TestEntries>
    <TestEntry testId="7f46d8a4-a96c-4e94-9ee7-fb01d8dd476b" executionId="c3c01e8f-06ca-4159-a9ae-e0b0564e8c12" testListId="8c84fa94-04c1-424b-9868-57a2d4851a1d"/>
    <TestEntry testId="e8acada4-c82c-4389-8ab8-77872bcf0a39" executionId="fc2ec65e-38a1-4843-97fe-c946f8eb587b" testListId="8c84fa94-04c1-424b-9868-57a2d4851a1d"/>
    <TestEntry testId="31f4d97c-86d5-4d7e-983a-0f1c02e070fd" executionId="02990858-8a12-4160-b3ea-8e40ce86017e" testListId="8c84fa94-04c1-424b-9868-57a2d4851a1d"/>
    <TestEntry testId="d82d2756-e1a3-44b7-a13a-03b7e95917c4" executionId="3a48bd16-46a5-4498-b9bd-b1b7c154b69e" testListId="8c84fa94-04c1-424b-9868-57a2d4851a1d"/>
    <TestEntry testId="e2164d5b-3421-4143-a9e2-18c992f94c77" executionId="3e44a212-947a-4f7e-b3f8-f18ace961c45" testListId="8c84fa94-04c1-424b-9868-57a2d4851a1d"/>
    <TestEntry testId="c4601e92-e1a4-4406-856b-84bcfc51ba41" executionId="487a36d4-5603-4107-a9bd-8fcab535727c" testListId="8c84fa94-04c1-424b-9868-57a2d4851a1d"/>
    <TestEntry testId="9881c224-700e-4cfe-9610-0895adcacc28" executionId="ac6b808e-35d2-4108-856f-4952657f0141" testListId="8c84fa94-04c1-424b-9868-57a2d4851a1d"/>
    <TestEntry testId="3811e839-dbd4-42e7-8cbb-575452cbb62c" executionId="d6e7299d-c3b8-4a11-9152-bbf9efb38cb6" testListId="8c84fa94-04c1-424b-9868-57a2d4851a1d"/>
    <TestEntry testId="61bd18fb-414e-4ebe-8611-1d99872c2dd4" executionId="db07637c-44ed-43b3-b46c-bf70d42fc80e" testListId="8c84fa94-04c1-424b-9868-57a2d4851a1d"/>
    <TestEntry testId="49b5bcbd-1175-48c4-a5a9-b74a696ac2a8" executionId="e87b4dfb-f5b9-438d-a257-ea65a35e1133" testListId="8c84fa94-04c1-424b-9868-57a2d4851a1d"/>
    <TestEntry testId="071a75f2-d8af-43a2-86eb-05806d69cecb" executionId="3fbd7430-e360-4eee-8c96-6b59b87a52f2" testListId="8c84fa94-04c1-424b-9868-57a2d4851a1d"/>
    <TestEntry testId="f18920ad-b415-447d-9776-f3dcb926cb92" executionId="e75f8187-b8bb-429a-8660-6088a4035ac4" testListId="8c84fa94-04c1-424b-9868-57a2d4851a1d"/>
    <TestEntry testId="f9cc1938-55de-43c1-92e4-9d6a141ee7e7" executionId="676aeb0d-81ef-4bc6-b787-008718bb5c4d" testListId="8c84fa94-04c1-424b-9868-57a2d4851a1d"/>
    <TestEntry testId="6e40eda4-9d7e-4757-8e86-2bfb25dabd1b" executionId="9b0bce9d-8539-451b-81bd-fd140864af1f" testListId="8c84fa94-04c1-424b-9868-57a2d4851a1d"/>
    <TestEntry testId="614b310d-4e28-48d6-a479-95274e3f726f" executionId="309590ea-7c7d-4c9a-be74-9adae4568a61" testListId="8c84fa94-04c1-424b-9868-57a2d4851a1d"/>
    <TestEntry testId="358081a6-2b93-459f-9aea-0e1a7a845d44" executionId="536a8648-c676-4170-be90-f63e584408c4" testListId="8c84fa94-04c1-424b-9868-57a2d4851a1d"/>
    <TestEntry testId="2a711387-7ceb-4ae7-80b6-ec3647425b8b" executionId="1e78e00c-0f17-4843-b09b-4a89bfd7b2c4" testListId="8c84fa94-04c1-424b-9868-57a2d4851a1d"/>
  </TestEntries>
  <Results>
    <UnitTestResult testId="7f46d8a4-a96c-4e94-9ee7-fb01d8dd476b" executionId="c3c01e8f-06ca-4159-a9ae-e0b0564e8c12" testName="[STORE] [REDUCER] / check jest" computerName="DESKTOP-M7NBAK0" duration="00:00:01.381" startTime="2019-12-04T21:15:13.083Z" endTime="2019-12-04T21:15:14.464Z" testType="13cdc9d9-ddb5-4fa4-a97d-d965ccfc6d4b" outcome="Passed" testListId="8c84fa94-04c1-424b-9868-57a2d4851a1d"/>
    <UnitTestResult testId="e8acada4-c82c-4389-8ab8-77872bcf0a39" executionId="fc2ec65e-38a1-4843-97fe-c946f8eb587b" testName="[SOTRE] [FILTER] [ACTIONS] / should return action with SET_FILTER type any payload" computerName="DESKTOP-M7NBAK0" duration="00:00:02.429" startTime="2019-12-04T21:15:13.039Z" endTime="2019-12-04T21:15:15.468Z" testType="13cdc9d9-ddb5-4fa4-a97d-d965ccfc6d4b" outcome="Passed" testListId="8c84fa94-04c1-424b-9868-57a2d4851a1d"/>
    <UnitTestResult testId="31f4d97c-86d5-4d7e-983a-0f1c02e070fd" executionId="02990858-8a12-4160-b3ea-8e40ce86017e" testName="[SOTRE] [FILTER] [REDUCER] / should return initial state for unknown action" computerName="DESKTOP-M7NBAK0" duration="00:00:02.247" startTime="2019-12-04T21:15:13.077Z" endTime="2019-12-04T21:15:15.324Z" testType="13cdc9d9-ddb5-4fa4-a97d-d965ccfc6d4b" outcome="Passed" testListId="8c84fa94-04c1-424b-9868-57a2d4851a1d"/>
    <UnitTestResult testId="d82d2756-e1a3-44b7-a13a-03b7e95917c4" executionId="3a48bd16-46a5-4498-b9bd-b1b7c154b69e" testName="[SOTRE] [FILTER] [REDUCER] / should apply SET_FILTER action to state" computerName="DESKTOP-M7NBAK0" duration="00:00:02.247" startTime="2019-12-04T21:15:15.324Z" endTime="2019-12-04T21:15:17.571Z" testType="13cdc9d9-ddb5-4fa4-a97d-d965ccfc6d4b" outcome="Passed" testListId="8c84fa94-04c1-424b-9868-57a2d4851a1d"/>
    <UnitTestResult testId="e2164d5b-3421-4143-a9e2-18c992f94c77" executionId="3e44a212-947a-4f7e-b3f8-f18ace961c45" testName="[STORE] [MOVIES] [ACTIONS] / should return action with FETCH_MOVIES type any payload" computerName="DESKTOP-M7NBAK0" duration="00:00:00.674" startTime="2019-12-04T21:15:13.037Z" endTime="2019-12-04T21:15:13.711Z" testType="13cdc9d9-ddb5-4fa4-a97d-d965ccfc6d4b" outcome="Passed" testListId="8c84fa94-04c1-424b-9868-57a2d4851a1d"/>
    <UnitTestResult testId="c4601e92-e1a4-4406-856b-84bcfc51ba41" executionId="487a36d4-5603-4107-a9bd-8fcab535727c" testName="[STORE] [MOVIES] [ACTIONS] / should return action with FETCH_MOVIES_ERROR type any payload" computerName="DESKTOP-M7NBAK0" duration="00:00:00.674" startTime="2019-12-04T21:15:13.711Z" endTime="2019-12-04T21:15:14.385Z" testType="13cdc9d9-ddb5-4fa4-a97d-d965ccfc6d4b" outcome="Passed" testListId="8c84fa94-04c1-424b-9868-57a2d4851a1d"/>
    <UnitTestResult testId="9881c224-700e-4cfe-9610-0895adcacc28" executionId="ac6b808e-35d2-4108-856f-4952657f0141" testName="[STORE] [MOVIES] [ACTIONS] / should return action with RECEIVE_MOVIES_ADD type any payload" computerName="DESKTOP-M7NBAK0" duration="00:00:00.674" startTime="2019-12-04T21:15:14.385Z" endTime="2019-12-04T21:15:15.059Z" testType="13cdc9d9-ddb5-4fa4-a97d-d965ccfc6d4b" outcome="Passed" testListId="8c84fa94-04c1-424b-9868-57a2d4851a1d"/>
    <UnitTestResult testId="3811e839-dbd4-42e7-8cbb-575452cbb62c" executionId="d6e7299d-c3b8-4a11-9152-bbf9efb38cb6" testName="[STORE] [MOVIES] [ACTIONS] / should return action with RECEIVE_MOVIES_UPDATE type any payload" computerName="DESKTOP-M7NBAK0" duration="00:00:00.674" startTime="2019-12-04T21:15:15.059Z" endTime="2019-12-04T21:15:15.733Z" testType="13cdc9d9-ddb5-4fa4-a97d-d965ccfc6d4b" outcome="Passed" testListId="8c84fa94-04c1-424b-9868-57a2d4851a1d"/>
    <UnitTestResult testId="61bd18fb-414e-4ebe-8611-1d99872c2dd4" executionId="db07637c-44ed-43b3-b46c-bf70d42fc80e" testName="[STORE] [MOVIES] [THUNK_ACTIONS] / thunk searchMovie error" computerName="DESKTOP-M7NBAK0" duration="00:00:00.674" startTime="2019-12-04T21:15:15.733Z" endTime="2019-12-04T21:15:16.407Z" testType="13cdc9d9-ddb5-4fa4-a97d-d965ccfc6d4b" outcome="Passed" testListId="8c84fa94-04c1-424b-9868-57a2d4851a1d"/>
    <UnitTestResult testId="49b5bcbd-1175-48c4-a5a9-b74a696ac2a8" executionId="e87b4dfb-f5b9-438d-a257-ea65a35e1133" testName="[STORE] [MOVIES] [THUNK_ACTIONS] / thunk searchMovies success" computerName="DESKTOP-M7NBAK0" duration="00:00:00.674" startTime="2019-12-04T21:15:16.407Z" endTime="2019-12-04T21:15:17.081Z" testType="13cdc9d9-ddb5-4fa4-a97d-d965ccfc6d4b" outcome="Passed" testListId="8c84fa94-04c1-424b-9868-57a2d4851a1d"/>
    <UnitTestResult testId="071a75f2-d8af-43a2-86eb-05806d69cecb" executionId="3fbd7430-e360-4eee-8c96-6b59b87a52f2" testName="[STORE] [MOVIES] [THUNK_ACTIONS] / thunk moreMovies error" computerName="DESKTOP-M7NBAK0" duration="00:00:00.674" startTime="2019-12-04T21:15:17.081Z" endTime="2019-12-04T21:15:17.755Z" testType="13cdc9d9-ddb5-4fa4-a97d-d965ccfc6d4b" outcome="Passed" testListId="8c84fa94-04c1-424b-9868-57a2d4851a1d"/>
    <UnitTestResult testId="f18920ad-b415-447d-9776-f3dcb926cb92" executionId="e75f8187-b8bb-429a-8660-6088a4035ac4" testName="[STORE] [MOVIES] [THUNK_ACTIONS] / thunk moreMovies success" computerName="DESKTOP-M7NBAK0" duration="00:00:00.674" startTime="2019-12-04T21:15:17.755Z" endTime="2019-12-04T21:15:18.429Z" testType="13cdc9d9-ddb5-4fa4-a97d-d965ccfc6d4b" outcome="Passed" testListId="8c84fa94-04c1-424b-9868-57a2d4851a1d"/>
    <UnitTestResult testId="f9cc1938-55de-43c1-92e4-9d6a141ee7e7" executionId="676aeb0d-81ef-4bc6-b787-008718bb5c4d" testName="[SOTRE] [FILTER] [REDUCER] / should return initial state for unknown action" computerName="DESKTOP-M7NBAK0" duration="00:00:01.119" startTime="2019-12-04T21:15:13.023Z" endTime="2019-12-04T21:15:14.142Z" testType="13cdc9d9-ddb5-4fa4-a97d-d965ccfc6d4b" outcome="Passed" testListId="8c84fa94-04c1-424b-9868-57a2d4851a1d"/>
    <UnitTestResult testId="6e40eda4-9d7e-4757-8e86-2bfb25dabd1b" executionId="9b0bce9d-8539-451b-81bd-fd140864af1f" testName="[SOTRE] [FILTER] [REDUCER] / should apply FETCH_MOVIES action to state" computerName="DESKTOP-M7NBAK0" duration="00:00:01.119" startTime="2019-12-04T21:15:14.142Z" endTime="2019-12-04T21:15:15.261Z" testType="13cdc9d9-ddb5-4fa4-a97d-d965ccfc6d4b" outcome="Passed" testListId="8c84fa94-04c1-424b-9868-57a2d4851a1d"/>
    <UnitTestResult testId="614b310d-4e28-48d6-a479-95274e3f726f" executionId="309590ea-7c7d-4c9a-be74-9adae4568a61" testName="[SOTRE] [FILTER] [REDUCER] / should apply FETCH_MOVIES_ERROR action to state" computerName="DESKTOP-M7NBAK0" duration="00:00:01.119" startTime="2019-12-04T21:15:15.261Z" endTime="2019-12-04T21:15:16.380Z" testType="13cdc9d9-ddb5-4fa4-a97d-d965ccfc6d4b" outcome="Passed" testListId="8c84fa94-04c1-424b-9868-57a2d4851a1d"/>
    <UnitTestResult testId="358081a6-2b93-459f-9aea-0e1a7a845d44" executionId="536a8648-c676-4170-be90-f63e584408c4" testName="[SOTRE] [FILTER] [REDUCER] / should apply RECEIVE_MOVIES_ADD action to state" computerName="DESKTOP-M7NBAK0" duration="00:00:01.119" startTime="2019-12-04T21:15:16.380Z" endTime="2019-12-04T21:15:17.499Z" testType="13cdc9d9-ddb5-4fa4-a97d-d965ccfc6d4b" outcome="Passed" testListId="8c84fa94-04c1-424b-9868-57a2d4851a1d"/>
    <UnitTestResult testId="2a711387-7ceb-4ae7-80b6-ec3647425b8b" executionId="1e78e00c-0f17-4843-b09b-4a89bfd7b2c4" testName="[SOTRE] [FILTER] [REDUCER] / should apply RECEIVE_MOVIES_UPDATE action to state" computerName="DESKTOP-M7NBAK0" duration="00:00:01.119" startTime="2019-12-04T21:15:17.499Z" endTime="2019-12-04T21:15:18.618Z" testType="13cdc9d9-ddb5-4fa4-a97d-d965ccfc6d4b" outcome="Passed" testListId="8c84fa94-04c1-424b-9868-57a2d4851a1d"/>
  </Results>
</TestRun>