// Jest Snapshot v1, https://goo.gl/fbAQLP

exports[`[COMPONENTS] [MOVIE_INFO] should render component 1`] = `
<div
  className="movie-info"
>
  <Component
    className="movie-info__search-link"
    to="/"
  >
    <FontAwesomeIcon
      border={false}
      className=""
      fixedWidth={false}
      flip="horizontal"
      icon="search"
      inverse={false}
      listItem={false}
      mask={null}
      pull={null}
      pulse={false}
      rotation={null}
      size={null}
      spin={false}
      swapOpacity={false}
      symbol={false}
      title=""
      transform={null}
    />
  </Component>
  <div
    className="movie-info__image"
  >
    <Component
      ratio={140}
      src="fakePosterPath"
    />
  </div>
  <div
    className="movie-info__content"
  >
    <div
      className="movie-info-header"
    >
      <Component
        className="movie-info-header__title"
        text="fakeTitle"
        uppercase={true}
      />
      <Component
        className="movie-info-header__rating"
        text={1}
      />
    </div>
    <Component
      className="movie-info-subtitle"
      text="fakeTagline"
    />
    <div
      className="movie-info-time"
    >
      <div
        className="movie-info-time__year"
      >
        <Component
          className="movie-info-time-label"
          text={2019}
          uppercase={true}
        />
        <Component
          className="movie-info-time-sublabel"
          text="year"
        />
      </div>
      <div
        className="movie-info-time__duration"
      >
        <Component
          className="movie-info-time-label"
          text={1}
        />
        <Component
          className="movie-info-time-sublabel"
          text="min"
        />
      </div>
    </div>
    <Component
      className="movie-info-description"
      text="fakeOverview"
    />
  </div>
</div>
`;
